### GC分析
```
import java.util.Random;
import java.util.concurrent.TimeUnit;
import java.util.concurrent.atomic.LongAdder;

public class GCLogAnalysis {
    private static Random random = new Random();

    public static void main(String[] args) {
        long startMillis = System.currentTimeMillis();
        long timeoutMillis = TimeUnit.SECONDS.toMillis(1);
        long endMillis = startMillis + timeoutMillis;
        LongAdder counter = new LongAdder();
        System.out.println("正在执行...");
        int cacheSize = 2000;
        Object[] cachedGarbage = new Object[cacheSize];
        while (System.currentTimeMillis() < endMillis) {
            Object garbage = generateGarbage(100*1024);
            counter.increment();
            int randomIndex = random.nextInt(2 * cacheSize);
            if (randomIndex < cacheSize) {
                cachedGarbage[randomIndex] = garbage;
            }
        }
        System.out.println("执行结束!共生成对象次数:" + counter.longValue());
    }

    private static Object generateGarbage (int max) {
        int randomSize = random.nextInt(max);
        int type = randomSize % 4;
        Object result = null;
        switch (type) {
            case 0:
                result = new int[randomSize];
                break;
            case 1:
                result = new byte[randomSize];
                break;
            case 2:
                result = new double[randomSize];
                break;
            default:
                StringBuilder builder = new StringBuilder();
                String randomString = "randomString‐Anything";
                while (builder.length() < randomSize) {
                    builder.append(randomString);
                    builder.append(max);
                    builder.append(randomSize);
                }
                result = builder.toString();
                break;
        }
        return result;
    }
}
```
将上面程序代码，在
**java -XX:+PrintGCDetails GCLogAnalysis**执行（mac需要指定xms和xmx），输出如下：
```
正在执行...
[GC (Allocation Failure) [PSYoungGen: 262144K->43503K(305664K)] 262144K->78955K(1005056K), 0.0874080 secs] [Times: user=0.05 sys=0.07, real=0.09 secs] 
[GC (Allocation Failure) [PSYoungGen: 305647K->43511K(305664K)] 341099K->153091K(1005056K), 0.1783511 secs] [Times: user=0.06 sys=0.08, real=0.17 secs] 
[GC (Allocation Failure) [PSYoungGen: 305655K->43505K(305664K)] 415235K->223171K(1005056K), 0.0700331 secs] [Times: user=0.05 sys=0.06, real=0.07 secs] 
[GC (Allocation Failure) [PSYoungGen: 305649K->43508K(305664K)] 485315K->298134K(1005056K), 0.1225529 secs] [Times: user=0.06 sys=0.06, real=0.13 secs] 
[GC (Allocation Failure) [PSYoungGen: 305652K->43490K(305664K)] 560278K->369104K(1005056K), 0.0918251 secs] [Times: user=0.06 sys=0.06, real=0.09 secs] 
执行结束!共生成对象次数:4915
Heap
 PSYoungGen      total 305664K, used 54092K [0x00000007aab00000, 0x00000007c0000000, 0x00000007c0000000)
  eden space 262144K, 4% used [0x00000007aab00000,0x00000007ab55a560,0x00000007bab00000)
  from space 43520K, 99% used [0x00000007bab00000,0x00000007bd578bd8,0x00000007bd580000)
  to   space 43520K, 0% used [0x00000007bd580000,0x00000007bd580000,0x00000007c0000000)
 ParOldGen       total 699392K, used 325613K [0x0000000780000000, 0x00000007aab00000, 0x00000007aab00000)
  object space 699392K, 46% used [0x0000000780000000,0x0000000793dfb640,0x00000007aab00000)
 Metaspace       used 2697K, capacity 4486K, committed 4864K, reserved 1056768K
  class space    used 295K, capacity 386K, committed 512K, reserved 1048576K
```
以上可以知道：
- PSYoungGen，年轻代总共305664K，使用量256090K
    - eden space分配空间262144K，使用量81%
    - from space分配空间43520K，使用量99%
    - to   space分配空间43520K，使用量0%
- ParOldGen，老年代总共699392K，使用量316605K
    - 其中object space占用了699392K，使用量45%
- Metaspace，元数据区总计使用了 3024K， 容量是 4486K， JVM保证可用的大小是 4864K， 保留空间1032m（1G左右）
    - 其中 class space 使用了 366K， 容量是 386K

### GC日志输出到文件
```
java -Xloggc:gc/gc.%t.log -XX:+PrintGCDetails GCLogAnalysis
```
idea输出到项目目录下，terminal会输出到同级目录（不明原因，需要加GC回收其），这边我们输出到了gc目录下，文件是gc.2020-10-22_14-01-39.log

加上参数 **-XX:+PrintGCDateStamps** 会输出时间格式，文件是gc.2020-10-22_14-03-28.log
```
CommandLine flags: -XX:InitialHeapSize=1073741824 -XX:MaxHeapSize=1073741824 -XX:+PrintGC -XX:+PrintGCDateStamps -XX:+PrintGCDetails -XX:+PrintGCTimeStamps -XX:+UseCompressedClassPointers -XX:+UseCompressedOops -XX:+UseParallelGC 
2020-10-22T13:51:02.145-0800: 0.506: [GC (Allocation Failure) [PSYoungGen: 262019K->43513K(305664K)] 262019K->76204K(1005056K), 0.0397458 secs] [Times: user=0.04 sys=0.08, real=0.04 secs] 
2020-10-22T13:51:02.257-0800: 0.618: [GC (Allocation Failure) [PSYoungGen: 305657K->43516K(305664K)] 338348K->143660K(1005056K), 0.1355073 secs] [Times: user=0.06 sys=0.09, real=0.14 secs] 
2020-10-22T13:51:02.457-0800: 0.818: [GC (Allocation Failure) [PSYoungGen: 305660K->43510K(305664K)] 405804K->220636K(1005056K), 0.0814561 secs] [Times: user=0.06 sys=0.05, real=0.08 secs] 
2020-10-22T13:51:02.598-0800: 0.959: [GC (Allocation Failure) [PSYoungGen: 305654K->43515K(305664K)] 482780K->286884K(1005056K), 0.1556088 secs] [Times: user=0.06 sys=0.05, real=0.16 secs] 
```
指定内存大小 **-Xms512m -Xmx512m**，输出日志gc.2020-10-22_14-05-16.log，可以看出最大堆内存和初始堆内存都是512m

### 垃圾收集器参数
默认的垃圾收集器是ParallelGC，从日志可以看出，我们也可以自己指定垃圾收集器
- 使用串行垃圾收集器： ‐XX:+UseSerialGC
- 使用并行垃圾收集器： ‐XX:+UseParallelGC 和 ‐XX:+UseParallelGC ‐ XX:+UseParallelOldGC 是等价的, 可以通过GC日志文件中的flags看出来。
- 使用CMS垃圾收集器： ‐XX:+UseConcMarkSweepGC 和 ‐XX:+UseParNewGC ‐XX:+UseConcMarkSweepGC 是等价的。 但如果只指定 ‐XX:+UseParNewGC 参 数则老年代GC会使用SerialGC。使用CMS时，命令行参数中会自动计算出年轻 代、老年代的初始值和最大值，以及最大晋升阈值等信息（例如 ‐ XX:MaxNewSize=178958336 ‐XX:NewSize=178958336 ‐ XX:OldSize=357912576 ）。
- 使用 G1垃圾收集器： ‐XX:+UseG1GC 。原则上不能指定G1垃圾收集器的年轻代
  大小，否则不仅是画蛇添足，更是自废武功了。
  

### GC日志解读与分析
#### SerialGC分析
**-Xms512m -Xmx512m -Xloggc:gc/gc.%t.serial.log -XX:+PrintGCDetails -XX:+PrintGCDateStamps -XX:+UseSerialGC**

上述参数运行，输出日志gc.2020-10-22_14-14-52.serial.log，日志中可以看到，一共触发了八次垃圾回收
```
2020-10-22T14:14:53.179-0800: 0.381: [GC (Allocation Failure) 2020-10-22T14:14:53.180-0800: 0.381: [DefNew: 139776K->17471K(157248K), 0.0672594 secs] 139776K->51776K(506816K), 0.0674201 secs] [Times: user=0.03 sys=0.02, real=0.07 secs] 
2020-10-22T14:14:53.298-0800: 0.499: [GC (Allocation Failure) 2020-10-22T14:14:53.298-0800: 0.499: [DefNew: 157244K->17471K(157248K), 0.0969547 secs] 191549K->95856K(506816K), 0.0970602 secs] [Times: user=0.03 sys=0.02, real=0.10 secs] 
2020-10-22T14:14:53.462-0800: 0.663: [GC (Allocation Failure) 2020-10-22T14:14:53.462-0800: 0.663: [DefNew: 157247K->17471K(157248K), 0.0683195 secs] 235632K->141579K(506816K), 0.0684241 secs] [Times: user=0.03 sys=0.03, real=0.07 secs] 
2020-10-22T14:14:53.566-0800: 0.767: [GC (Allocation Failure) 2020-10-22T14:14:53.566-0800: 0.767: [DefNew: 157246K->17471K(157248K), 0.0431126 secs] 281353K->180693K(506816K), 0.0432077 secs] [Times: user=0.02 sys=0.01, real=0.04 secs] 
2020-10-22T14:14:53.641-0800: 0.842: [GC (Allocation Failure) 2020-10-22T14:14:53.641-0800: 0.842: [DefNew: 157247K->17469K(157248K), 0.0533306 secs] 320469K->223827K(506816K), 0.0534108 secs] [Times: user=0.02 sys=0.02, real=0.05 secs] 
2020-10-22T14:14:53.722-0800: 0.923: [GC (Allocation Failure) 2020-10-22T14:14:53.722-0800: 0.923: [DefNew: 157245K->17471K(157248K), 0.0569418 secs] 363603K->269242K(506816K), 0.0570433 secs] [Times: user=0.02 sys=0.02, real=0.05 secs] 
2020-10-22T14:14:53.814-0800: 1.015: [GC (Allocation Failure) 2020-10-22T14:14:53.814-0800: 1.015: [DefNew: 157247K->17471K(157248K), 0.0942168 secs] 409018K->313633K(506816K), 0.0943826 secs] [Times: user=0.03 sys=0.03, real=0.09 secs] 
2020-10-22T14:14:53.956-0800: 1.157: [GC (Allocation Failure) 2020-10-22T14:14:53.956-0800: 1.157: [DefNew: 157247K->17472K(157248K), 0.0651257 secs] 453409K->358618K(506816K), 0.0652768 secs] [Times: user=0.03 sys=0.02, real=0.07 secs] 
```
分析第一条回收日志
- 2020-10-22T14:14:53.179这个是垃圾回收开始的时间，-0800表示东八区时间，0.381表示JVM启动时间间隔（单位是秒）
- GC (Allocation Failure)中，GC区分 Minor GC 还是 Full GC 的标志，GC表示小型GC（Minor GC）。Allocation Failure 表示触发 GC 的原因。 本次GC事件，是由于对象分配失败，年轻代中没有空间来存放新生成的对象引起 的。
- DefNew表示垃圾收集器的名称。这个名字表示：年轻代使用的单线程、 标记-复制、STW 垃圾收集器。139776K->17471K表示在垃圾收集之前和之后 的年轻代使用量，(157248K)表示表示年轻代的总空间大小。
- 139776K->51776K表示在垃圾收集之前和之后整个堆内存的 使用情况。(506816K)表示堆内存可用的总空间大小
- 0.0674201 secs表示GC事件持续的时间，以秒为单位。
- [Times: user=0.03 sys=0.02, real=0.07 secs] 表示 此次GC事件的持续 时间，通过三个部分来衡量
    -  user 部分表示所有 GC线程消耗的CPU时 间；
    -  sys 部分表示系统调用和系统等待事件消耗的时间。
    -  real 则表示应用程 序暂停的时间。
    -  因为串行垃圾收集器(Serial Garbage Collector)只使用单个线程， 所以这里 real = user + system ，0.03秒也就是30毫秒。

因为上述程序没有触发Full GC，把程序中的
```
long timeoutMillis = TimeUnit.SECONDS.toMillis(10);
```
运行程序，抓取一条Full GC
```
2020-10-22T14:42:13.606-0800: 1.189: 
    [GC (Allocation Failure) 
        2020-10-22T14:42:13.606-0800: 1.189: 
            [DefNew: 157232K->157232K(157248K), 0.0000324 secs]
        2020-10-22T14:42:13.606-0800: 1.189: 
            [Tenured: 302741K->267829K(349568K), 0.0757536 secs] 
            459974K->267829K(506816K), 
            [Metaspace: 3089K->3089K(1056768K)], 
    0.0759100 secs] 
    [Times: user=0.08 sys=0.00, real=0.08 secs] 
```
- 2020-10-22T14:42:13.606-0800: 1.189: 这条表示GC开始时间，并且是东八区，JVM间隔启动时间
- [DefNew: 157232K->157232K(157248K), 0.0000324 secs]， 表示发生一次新生代内存回收，此次GC同样用的 DefNew 收集器，消耗时间0.0000324 secs
- Tenured – 用于清理老年代空间的垃圾收集器名称。 Tenured 表明使用的 是单线程的STW垃圾收集器，使用的算法为 标记‐清除‐整理(mark‐sweep‐ compact ) 。302741K->267829K(349568K)表示GC前后老年代的使用量， 以及老年代的空间大小。
- 459974K->267829K(506816K)在GC前后整个堆内存部分的使用情况，以及可用的堆空间大小。
- [Metaspace: 3089K->3089K(1056768K)]Metaspace 空间的变化情 况。可以看出，此次GC过程中 Metaspace 也没有什么变化。
- [Times: user=0.08 sys=0.00, real=0.08 secs] GC事件的持续时 间，分为 user ， sys ， real 三个部分

### 并行GC分析
```
-Xms512m -Xmx512m -Xloggc:gc/gc.%t.parallel.log -XX:+PrintGCDetails -XX:+PrintGCDateStamps -XX:+UseParallelGC
```
运行上述命令，得到gc.2020-10-22_15-20-55.parallel.log

并行垃圾收集器适用于多核服务器，其主要目标是增加系统吞吐量(也就是降低GC总 体消耗的时间)。为了达成这个目标，会尽量使用尽可能多的CPU资源：
- 在GC事件执行期间，所有 CPU 内核都在并行地清理垃圾，所以暂停时间相对来 说更短
- 在两次GC事件中间的间隔期，不会启动GC线程，所以这段时间内不会消耗任何 系统资源

抓取第一条GC日志
```
2020-10-22T15:20:56.172-0800: 0.405: 
    [GC (Allocation Failure) 
        [PSYoungGen: 131584K->21499K(153088K)] 
        131584K->43987K(502784K), 
        0.0548347 secs
    ] 
    [Times: user=0.03 sys=0.03, real=0.05 secs] 
```
- 2020-10-22T15:20:56.172-0800: 0.405: 表示GC开始时间，东八区，JVM隔间启动时间
- GC – 用来区分 Minor GC 还是 Full GC 的标志。这里是一次 小型GC(Minor GC) 。
- PSYoungGen – 垃圾收集器的名称。这个名字表示的是在年轻代中使用的： 并行的 标记‐复制(mark‐copy) ，全线暂停(STW) 垃圾收集器。131584K->21499K(153088K)表示表示GC前后的年轻代使用量，以及年轻代的总大小
- 131584K->43987K(502784K)，是GC前后整个堆内存的使用量，以及此 时可用堆的总大小
- [Times: user=0.03 sys=0.03, real=0.05 secs]  GC事件的持续时 间，通过三个部分来衡量： user 表示GC线程所消耗的总CPU时间， sys 表示 操作系统调用和系统等待事件所消耗的时间； real 则表示应用程序实际暂停的 时间。因为并不是所有的操作过程都能全部并行，所以在 Parallel GC 中， real 约等于 user + system /GC线程数 。

**ParallelGC的Full GC分析**

```
2020-10-22T15:20:57.024-0800: 1.257: 
    [Full GC (Ergonomics) 
        [PSYoungGen: 17191K->0K(116736K)] 
        [ParOldGen: 320724K->238456K(349696K)] 
        337916K->238456K(466432K), 
        [Metaspace: 2713K->2713K(1056768K)], 
        0.0681703 secs] 
    [Times: user=0.12 sys=0.01, real=0.07 secs]
```
- 2020-10-22T15:20:57.024-0800: 1.257: GC的时间，东八区，JVM间隔时间
- Full GC (Ergonomics)标识Full GC
- [PSYoungGen: 17191K->0K(116736K)]和上面的示例一样，清理年轻代 的垃圾收集器是名为 “PSYoungGen” 的STW收集器，采用 标记‐复制(mark‐ copy) 算法。年轻代使用量从 17191K 变为 0
- [ParOldGen: 320724K->238456K(349696K)]， 用于清理老年代空间的垃圾收集器类型，一款并行 STW垃圾收集器，算法为 标记‐清 除‐整理(mark‐sweep‐compact)，320724K->238456K(349696K)，GC前后使用情况，以及总容量
- 337916K->238456K(466432K) 在垃圾收集之前和之后堆内存的使用情 况，以及可用堆内存的总容量。
- [Metaspace: 2713K->2713K(1056768K)]在GC事件中 Metaspace 里面没有回收 任何对象。
- 0.0681703 secs这次GC回收时长
-  [Times: user=0.30 sys=0.02，real=0.07 secs] – GC事件的持续时 间，含义参见前面

### CMS GC分析
```
-Xms512m -Xmx512m -Xloggc:gc/gc.%t.cms.log -XX:+PrintGCDetails -XX:+PrintGCDateStamps -XX:+UseConcMarkSweepGC
```
以上命令输出gc.2020-10-25_20-17-09.cms.log文件，由文件中可以发现
- Yong GC
```
2020-10-25T20:17:09.836-0800: 0.425: 
    [GC (Allocation Failure) 2020-10-25T20:17:09.836-0800: 0.425: 
        [ParNew: 139628K->17471K(157248K), 0.0559645 secs] 
        139628K->49113K(506816K),
     0.0561347 secs] 
    [Times: user=0.03 sys=0.04, real=0.06 secs] 
```
这边的分析
- 2020-10-25T20:17:09.836-0800: 0.425: GC时间，东八区，JVM开始执行间隔
- GC (Allocation Failure)，GC类型，是Yong GC还是Full GC
- [ParNew: 139628K->17471K(157248K), 0.0559645 secs]: 垃圾回收从139628K->17471K，总容量是157248K，总共执行0.0559645 secs
- 139628K->49113K(506816K)表示堆回收之前和回收后的内存139628K->49113K(506816K)，总容量506816K
- 0.0561347 secs总处理时长
- [Times: user=0.03 sys=0.04, real=0.06 secs] 处理时长总结

- CMS阶段
```
2020-10-25T20:17:10.557-0800: 1.145: [GC (CMS Initial Mark) [1 CMS-initial-mark: 215789K(349568K)] 233798K(506816K), 0.0025592 secs] [Times: user=0.00 sys=0.01, real=0.00 secs] 
2020-10-25T20:17:10.559-0800: 1.148: [CMS-concurrent-mark-start]
2020-10-25T20:17:10.571-0800: 1.159: [CMS-concurrent-mark: 0.012/0.012 secs] [Times: user=0.01 sys=0.00, real=0.02 secs] 
2020-10-25T20:17:10.571-0800: 1.160: [CMS-concurrent-preclean-start]
2020-10-25T20:17:10.574-0800: 1.162: [CMS-concurrent-preclean: 0.002/0.002 secs] [Times: user=0.00 sys=0.00, real=0.00 secs] 
2020-10-25T20:17:10.574-0800: 1.162: [CMS-concurrent-abortable-preclean-start]
2020-10-25T20:17:10.652-0800: 1.241: [GC (Allocation Failure) 2020-10-25T20:17:10.652-0800: 1.241: [ParNew2020-10-25T20:17:10.675-0800: 1.264: [CMS-concurrent-abortable-preclean: 0.001/0.102 secs] [Times: user=0.13 sys=0.02, real=0.10 secs] 
: 157247K->17469K(157248K), 0.0755891 secs] 373036K->275571K(506816K), 0.0757124 secs] [Times: user=0.04 sys=0.02, real=0.07 secs] 
2020-10-25T20:17:10.728-0800: 1.317: [GC (CMS Final Remark) [YG occupancy: 18146 K (157248 K)]2020-10-25T20:17:10.728-0800: 1.317: [Rescan (parallel) , 0.0110854 secs]2020-10-25T20:17:10.739-0800: 1.328: [weak refs processing, 0.0001261 secs]2020-10-25T20:17:10.740-0800: 1.328: [class unloading, 0.0005215 secs]2020-10-25T20:17:10.740-0800: 1.329: [scrub symbol table, 0.0009854 secs]2020-10-25T20:17:10.741-0800: 1.330: [scrub string table, 0.0002502 secs][1 CMS-remark: 258102K(349568K)] 276248K(506816K), 0.0132465 secs] [Times: user=0.01 sys=0.00, real=0.02 secs] 
2020-10-25T20:17:10.742-0800: 1.330: [CMS-concurrent-sweep-start]
2020-10-25T20:17:10.742-0800: 1.331: [CMS-concurrent-sweep: 0.001/0.001 secs] [Times: user=0.00 sys=0.00, real=0.00 secs] 
2020-10-25T20:17:10.743-0800: 1.331: [CMS-concurrent-reset-start]
2020-10-25T20:17:10.743-0800: 1.332: [CMS-concurrent-reset: 0.001/0.001 secs] [Times: user=0.00 sys=0.00, real=0.00 secs] 
```
CMS分为六个阶段
- Initial Mark（初始标记）
- Concurrent Mark（并发标记）
- Concurrent Preclean（并发预清理）
- Final Remark（最终标记）
- Concurrent Sweep（并发清除）
- Concurrent Reset（并发重置）


### G1 GC
命令参数
```
-Xms512m -Xmx512m -Xloggc:gc/gc.%t.g1.log -XX:+PrintGCDetails -XX:+PrintGCDateStamps -XX:+UseG1GC
```
输出文件gc.2020-10-25_20-45-27.g1.log
- Evacuation Pause: young（纯年轻代模式转移暂停）
- Concurrent Marking（并发标记）
- 阶段 1: Initial Mark（初始标记）
- 阶段 2: Root Region Scan（Root区扫描）
- 阶段 3: Concurrent Mark（并发标记）
- 阶段 4: Remark（再次标记）
- 阶段 5: Cleanup（清理）
- Evacuation Pause (mixed)（转移暂停: 混合模式）
- Full GC (Allocation Failure)




