Java HotSpot(TM) 64-Bit Server VM (25.151-b12) for bsd-amd64 JRE (1.8.0_151-b12), built on Sep  5 2017 19:37:08 by "java_re" with gcc 4.2.1 (Based on Apple Inc. build 5658) (LLVM build 2336.11.00)
Memory: 4k page, physical 8388608k(985472k free)

/proc/meminfo:

CommandLine flags: -XX:InitialHeapSize=134217728 -XX:MaxHeapSize=2147483648 -XX:+PrintGC -XX:+PrintGCDetails -XX:+PrintGCTimeStamps -XX:+UseCompressedClassPointers -XX:+UseCompressedOops -XX:+UseParallelGC 
0.282: [GC (Allocation Failure) [PSYoungGen: 33280K->5115K(38400K)] 33280K->11376K(125952K), 0.0062883 secs] [Times: user=0.01 sys=0.01, real=0.01 secs] 
0.305: [GC (Allocation Failure) [PSYoungGen: 38341K->5112K(71680K)] 44601K->23855K(159232K), 0.0099041 secs] [Times: user=0.01 sys=0.01, real=0.01 secs] 
0.366: [GC (Allocation Failure) [PSYoungGen: 71672K->5104K(71680K)] 90415K->45953K(159232K), 0.0239501 secs] [Times: user=0.02 sys=0.02, real=0.02 secs] 
0.429: [GC (Allocation Failure) [PSYoungGen: 71664K->5111K(138240K)] 112513K->66546K(225792K), 0.0163167 secs] [Times: user=0.01 sys=0.02, real=0.02 secs] 
0.446: [Full GC (Ergonomics) [PSYoungGen: 5111K->0K(138240K)] [ParOldGen: 61434K->62259K(128512K)] 66546K->62259K(266752K), [Metaspace: 2713K->2713K(1056768K)], 0.0157180 secs] [Times: user=0.04 sys=0.00, real=0.01 secs] 
0.538: [GC (Allocation Failure) [PSYoungGen: 133120K->5117K(138240K)] 195379K->104026K(266752K), 0.0211665 secs] [Times: user=0.02 sys=0.04, real=0.02 secs] 
0.560: [Full GC (Ergonomics) [PSYoungGen: 5117K->0K(138240K)] [ParOldGen: 98908K->97078K(186880K)] 104026K->97078K(325120K), [Metaspace: 2713K->2713K(1056768K)], 0.0206530 secs] [Times: user=0.04 sys=0.00, real=0.02 secs] 
0.622: [GC (Allocation Failure) [PSYoungGen: 133120K->45053K(272384K)] 230198K->143699K(459264K), 0.0262725 secs] [Times: user=0.03 sys=0.04, real=0.03 secs] 
0.768: [GC (Allocation Failure) [PSYoungGen: 272381K->53231K(286208K)] 371027K->210562K(473088K), 0.0704630 secs] [Times: user=0.05 sys=0.08, real=0.07 secs] 
0.838: [Full GC (Ergonomics) [PSYoungGen: 53231K->0K(286208K)] [ParOldGen: 157330K->183255K(301056K)] 210562K->183255K(587264K), [Metaspace: 2713K->2713K(1056768K)], 0.0439197 secs] [Times: user=0.07 sys=0.03, real=0.04 secs] 
0.946: [GC (Allocation Failure) [PSYoungGen: 232819K->68254K(479232K)] 416075K->251509K(780288K), 0.0389960 secs] [Times: user=0.03 sys=0.06, real=0.04 secs] 
1.165: [GC (Allocation Failure) [PSYoungGen: 455326K->98296K(485376K)] 638581K->338877K(786432K), 0.0944201 secs] [Times: user=0.08 sys=0.12, real=0.09 secs] 
1.260: [Full GC (Ergonomics) [PSYoungGen: 98296K->0K(485376K)] [ParOldGen: 240581K->262257K(399360K)] 338877K->262257K(884736K), [Metaspace: 2713K->2713K(1056768K)], 0.0557298 secs] [Times: user=0.11 sys=0.03, real=0.06 secs] 
Heap
 PSYoungGen      total 485376K, used 23295K [0x0000000795580000, 0x00000007c0000000, 0x00000007c0000000)
  eden space 387072K, 6% used [0x0000000795580000,0x0000000796c3ff50,0x00000007acf80000)
  from space 98304K, 0% used [0x00000007acf80000,0x00000007acf80000,0x00000007b2f80000)
  to   space 137728K, 0% used [0x00000007b7980000,0x00000007b7980000,0x00000007c0000000)
 ParOldGen       total 399360K, used 262257K [0x0000000740000000, 0x0000000758600000, 0x0000000795580000)
  object space 399360K, 65% used [0x0000000740000000,0x000000075001c428,0x0000000758600000)
 Metaspace       used 2739K, capacity 4486K, committed 4864K, reserved 1056768K
  class space    used 298K, capacity 386K, committed 512K, reserved 1048576K
