Java HotSpot(TM) 64-Bit Server VM (25.151-b12) for bsd-amd64 JRE (1.8.0_151-b12), built on Sep  5 2017 19:37:08 by "java_re" with gcc 4.2.1 (Based on Apple Inc. build 5658) (LLVM build 2336.11.00)
Memory: 4k page, physical 8388608k(225472k free)

/proc/meminfo:

CommandLine flags: -XX:InitialHeapSize=536870912 -XX:MaxHeapSize=536870912 -XX:+PrintGC -XX:+PrintGCDateStamps -XX:+PrintGCDetails -XX:+PrintGCTimeStamps -XX:+UseCompressedClassPointers -XX:+UseCompressedOops -XX:+UseSerialGC 
2020-10-22T14:42:12.788-0800: 0.371: [GC (Allocation Failure) 2020-10-22T14:42:12.788-0800: 0.371: [DefNew: 139776K->17472K(157248K), 0.1207618 secs] 139776K->46482K(506816K), 0.1210158 secs] [Times: user=0.03 sys=0.03, real=0.12 secs] 
2020-10-22T14:42:12.955-0800: 0.538: [GC (Allocation Failure) 2020-10-22T14:42:12.955-0800: 0.538: [DefNew: 157110K->17471K(157248K), 0.1078489 secs] 186121K->96122K(506816K), 0.1080100 secs] [Times: user=0.03 sys=0.03, real=0.11 secs] 
2020-10-22T14:42:13.090-0800: 0.673: [GC (Allocation Failure) 2020-10-22T14:42:13.090-0800: 0.673: [DefNew: 157247K->17471K(157248K), 0.0455192 secs] 235898K->138637K(506816K), 0.0456468 secs] [Times: user=0.02 sys=0.02, real=0.04 secs] 
2020-10-22T14:42:13.172-0800: 0.755: [GC (Allocation Failure) 2020-10-22T14:42:13.172-0800: 0.756: [DefNew: 157247K->17469K(157248K), 0.0431997 secs] 278413K->178572K(506816K), 0.0432989 secs] [Times: user=0.02 sys=0.02, real=0.04 secs] 
2020-10-22T14:42:13.249-0800: 0.833: [GC (Allocation Failure) 2020-10-22T14:42:13.249-0800: 0.833: [DefNew: 157245K->17471K(157248K), 0.0644755 secs] 318348K->224071K(506816K), 0.0645821 secs] [Times: user=0.02 sys=0.02, real=0.07 secs] 
2020-10-22T14:42:13.346-0800: 0.929: [GC (Allocation Failure) 2020-10-22T14:42:13.346-0800: 0.929: [DefNew: 157247K->17471K(157248K), 0.0583205 secs] 363847K->272812K(506816K), 0.0584357 secs] [Times: user=0.02 sys=0.03, real=0.06 secs] 
2020-10-22T14:42:13.451-0800: 1.034: [GC (Allocation Failure) 2020-10-22T14:42:13.451-0800: 1.034: [DefNew: 157247K->17471K(157248K), 0.0904173 secs] 412588K->320213K(506816K), 0.0905415 secs] [Times: user=0.04 sys=0.03, real=0.09 secs] 
2020-10-22T14:42:13.606-0800: 1.189: [GC (Allocation Failure) 2020-10-22T14:42:13.606-0800: 1.189: [DefNew: 157232K->157232K(157248K), 0.0000324 secs]2020-10-22T14:42:13.606-0800: 1.189: [Tenured: 302741K->267829K(349568K), 0.0757536 secs] 459974K->267829K(506816K), [Metaspace: 3089K->3089K(1056768K)], 0.0759100 secs] [Times: user=0.08 sys=0.00, real=0.08 secs] 
2020-10-22T14:42:13.712-0800: 1.295: [GC (Allocation Failure) 2020-10-22T14:42:13.712-0800: 1.295: [DefNew: 139776K->17472K(157248K), 0.0113312 secs] 407605K->320095K(506816K), 0.0114337 secs] [Times: user=0.01 sys=0.00, real=0.01 secs] 
2020-10-22T14:42:13.754-0800: 1.337: [GC (Allocation Failure) 2020-10-22T14:42:13.754-0800: 1.337: [DefNew: 157248K->157248K(157248K), 0.0000928 secs]2020-10-22T14:42:13.754-0800: 1.337: [Tenured: 302623K->302052K(349568K), 0.0599112 secs] 459871K->302052K(506816K), [Metaspace: 3224K->3224K(1056768K)], 0.0601604 secs] [Times: user=0.06 sys=0.00, real=0.06 secs] 
2020-10-22T14:42:13.845-0800: 1.428: [GC (Allocation Failure) 2020-10-22T14:42:13.845-0800: 1.428: [DefNew: 139776K->17465K(157248K), 0.0278271 secs] 441828K->346884K(506816K), 0.0279465 secs] [Times: user=0.01 sys=0.02, real=0.03 secs] 
2020-10-22T14:42:13.898-0800: 1.482: [GC (Allocation Failure) 2020-10-22T14:42:13.899-0800: 1.482: [DefNew: 157241K->157241K(157248K), 0.0000223 secs]2020-10-22T14:42:13.899-0800: 1.482: [Tenured: 329418K->319680K(349568K), 0.0719561 secs] 486660K->319680K(506816K), [Metaspace: 3224K->3224K(1056768K)], 0.0720912 secs] [Times: user=0.07 sys=0.00, real=0.08 secs] 
2020-10-22T14:42:14.001-0800: 1.584: [GC (Allocation Failure) 2020-10-22T14:42:14.001-0800: 1.584: [DefNew: 139521K->139521K(157248K), 0.0000234 secs]2020-10-22T14:42:14.001-0800: 1.584: [Tenured: 319680K->314951K(349568K), 0.0656770 secs] 459202K->314951K(506816K), [Metaspace: 3224K->3224K(1056768K)], 0.0658083 secs] [Times: user=0.06 sys=0.00, real=0.06 secs] 
2020-10-22T14:42:14.091-0800: 1.674: [GC (Allocation Failure) 2020-10-22T14:42:14.091-0800: 1.674: [DefNew: 139739K->139739K(157248K), 0.0000385 secs]2020-10-22T14:42:14.091-0800: 1.674: [Tenured: 314951K->341642K(349568K), 0.0575911 secs] 454691K->341642K(506816K), [Metaspace: 3224K->3224K(1056768K)], 0.0578097 secs] [Times: user=0.04 sys=0.00, real=0.05 secs] 
2020-10-22T14:42:14.178-0800: 1.761: [GC (Allocation Failure) 2020-10-22T14:42:14.178-0800: 1.761: [DefNew: 139716K->139716K(157248K), 0.0000222 secs]2020-10-22T14:42:14.178-0800: 1.761: [Tenured: 341642K->349159K(349568K), 0.1168781 secs] 481359K->350127K(506816K), [Metaspace: 3224K->3224K(1056768K)], 0.1170514 secs] [Times: user=0.06 sys=0.01, real=0.12 secs] 
2020-10-22T14:42:14.337-0800: 1.921: [Full GC (Allocation Failure) 2020-10-22T14:42:14.338-0800: 1.921: [Tenured: 349490K->349228K(349568K), 0.1201741 secs] 506639K->349606K(506816K), [Metaspace: 3224K->3224K(1056768K)], 0.1202977 secs] [Times: user=0.07 sys=0.00, real=0.12 secs] 
2020-10-22T14:42:14.492-0800: 2.076: [Full GC (Allocation Failure) 2020-10-22T14:42:14.492-0800: 2.076: [Tenured: 349551K->339345K(349568K), 0.0723355 secs] 506771K->339345K(506816K), [Metaspace: 3224K->3224K(1056768K)], 0.0724465 secs] [Times: user=0.07 sys=0.00, real=0.07 secs] 
2020-10-22T14:42:14.610-0800: 2.193: [GC (Allocation Failure) 2020-10-22T14:42:14.610-0800: 2.193: [DefNew: 139776K->139776K(157248K), 0.0000243 secs]2020-10-22T14:42:14.610-0800: 2.193: [Tenured: 339345K->348950K(349568K), 0.0560421 secs] 479121K->362566K(506816K), [Metaspace: 3224K->3224K(1056768K)], 0.0561790 secs] [Times: user=0.05 sys=0.00, real=0.05 secs] 
2020-10-22T14:42:14.695-0800: 2.278: [Full GC (Allocation Failure) 2020-10-22T14:42:14.695-0800: 2.278: [Tenured: 349091K->349557K(349568K), 0.0616337 secs] 506252K->367652K(506816K), [Metaspace: 3224K->3224K(1056768K)], 0.0617444 secs] [Times: user=0.06 sys=0.00, real=0.06 secs] 
2020-10-22T14:42:14.783-0800: 2.366: [Full GC (Allocation Failure) 2020-10-22T14:42:14.783-0800: 2.366: [Tenured: 349557K->349566K(349568K), 0.0853287 secs] 506762K->366706K(506816K), [Metaspace: 3224K->3224K(1056768K)], 0.0854466 secs] [Times: user=0.07 sys=0.01, real=0.08 secs] 
2020-10-22T14:42:14.935-0800: 2.518: [Full GC (Allocation Failure) 2020-10-22T14:42:14.935-0800: 2.519: [Tenured: 349566K->349295K(349568K), 0.1131479 secs] 506714K->355698K(506816K), [Metaspace: 3224K->3224K(1056768K)], 0.1132845 secs] [Times: user=0.08 sys=0.00, real=0.11 secs] 
2020-10-22T14:42:15.090-0800: 2.673: [Full GC (Allocation Failure) 2020-10-22T14:42:15.090-0800: 2.673: [Tenured: 349399K->349513K(349568K), 0.0755221 secs] 506634K->383553K(506816K), [Metaspace: 3224K->3224K(1056768K)], 0.0756545 secs] [Times: user=0.06 sys=0.00, real=0.07 secs] 
2020-10-22T14:42:15.192-0800: 2.776: [Full GC (Allocation Failure) 2020-10-22T14:42:15.192-0800: 2.776: [Tenured: 349513K->349391K(349568K), 0.0675304 secs] 506655K->385865K(506816K), [Metaspace: 3224K->3224K(1056768K)], 0.0677038 secs] [Times: user=0.06 sys=0.00, real=0.07 secs] 
2020-10-22T14:42:15.294-0800: 2.877: [Full GC (Allocation Failure) 2020-10-22T14:42:15.294-0800: 2.877: [Tenured: 349551K->349497K(349568K), 0.0565748 secs] 506794K->377817K(506816K), [Metaspace: 3224K->3224K(1056768K)], 0.0566750 secs] [Times: user=0.05 sys=0.00, real=0.06 secs] 
2020-10-22T14:42:15.384-0800: 2.967: [Full GC (Allocation Failure) 2020-10-22T14:42:15.384-0800: 2.967: [Tenured: 349497K->349519K(349568K), 0.0750750 secs] 506505K->352816K(506816K), [Metaspace: 3224K->3224K(1056768K)], 0.0751727 secs] [Times: user=0.07 sys=0.00, real=0.07 secs] 
2020-10-22T14:42:15.486-0800: 3.069: [Full GC (Allocation Failure) 2020-10-22T14:42:15.486-0800: 3.069: [Tenured: 349519K->349514K(349568K), 0.0504609 secs] 506665K->374276K(506816K), [Metaspace: 3224K->3224K(1056768K)], 0.0505971 secs] [Times: user=0.05 sys=0.00, real=0.05 secs] 
2020-10-22T14:42:15.559-0800: 3.142: [Full GC (Allocation Failure) 2020-10-22T14:42:15.559-0800: 3.142: [Tenured: 349514K->349512K(349568K), 0.0783584 secs] 506713K->377816K(506816K), [Metaspace: 3224K->3224K(1056768K)], 0.0787881 secs] [Times: user=0.06 sys=0.00, real=0.08 secs] 
2020-10-22T14:42:15.660-0800: 3.244: [Full GC (Allocation Failure) 2020-10-22T14:42:15.660-0800: 3.244: [Tenured: 349512K->349557K(349568K), 0.0582062 secs] 506688K->385502K(506816K), [Metaspace: 3224K->3224K(1056768K)], 0.0583147 secs] [Times: user=0.05 sys=0.01, real=0.05 secs] 
2020-10-22T14:42:15.741-0800: 3.324: [Full GC (Allocation Failure) 2020-10-22T14:42:15.741-0800: 3.324: [Tenured: 349557K->349566K(349568K), 0.0724119 secs] 506544K->365276K(506816K), [Metaspace: 3224K->3224K(1056768K)], 0.0725049 secs] [Times: user=0.06 sys=0.00, real=0.07 secs] 
2020-10-22T14:42:15.845-0800: 3.428: [Full GC (Allocation Failure) 2020-10-22T14:42:15.845-0800: 3.428: [Tenured: 349566K->349480K(349568K), 0.0536696 secs] 506791K->378970K(506816K), [Metaspace: 3224K->3224K(1056768K)], 0.0538313 secs] [Times: user=0.05 sys=0.00, real=0.05 secs] 
2020-10-22T14:42:15.933-0800: 3.516: [Full GC (Allocation Failure) 2020-10-22T14:42:15.933-0800: 3.516: [Tenured: 349480K->349546K(349568K), 0.0634687 secs] 506330K->384175K(506816K), [Metaspace: 3224K->3224K(1056768K)], 0.0635562 secs] [Times: user=0.06 sys=0.00, real=0.06 secs] 
2020-10-22T14:42:16.019-0800: 3.603: [Full GC (Allocation Failure) 2020-10-22T14:42:16.019-0800: 3.603: [Tenured: 349546K->349143K(349568K), 0.0906124 secs] 506791K->386045K(506816K), [Metaspace: 3224K->3224K(1056768K)], 0.0907332 secs] [Times: user=0.08 sys=0.00, real=0.10 secs] 
2020-10-22T14:42:16.136-0800: 3.719: [Full GC (Allocation Failure) 2020-10-22T14:42:16.136-0800: 3.719: [Tenured: 349431K->349557K(349568K), 0.0787476 secs] 506615K->365663K(506816K), [Metaspace: 3224K->3224K(1056768K)], 0.0788481 secs] [Times: user=0.07 sys=0.00, real=0.08 secs] 
2020-10-22T14:42:16.242-0800: 3.825: [Full GC (Allocation Failure) 2020-10-22T14:42:16.242-0800: 3.825: [Tenured: 349557K->349496K(349568K), 0.0517293 secs] 506792K->384659K(506816K), [Metaspace: 3224K->3224K(1056768K)], 0.0518387 secs] [Times: user=0.05 sys=0.00, real=0.05 secs] 
2020-10-22T14:42:16.321-0800: 3.904: [Full GC (Allocation Failure) 2020-10-22T14:42:16.321-0800: 3.904: [Tenured: 349532K->349131K(349568K), 0.0674590 secs] 506775K->391506K(506816K), [Metaspace: 3224K->3224K(1056768K)], 0.0675663 secs] [Times: user=0.06 sys=0.00, real=0.06 secs] 
2020-10-22T14:42:16.411-0800: 3.994: [Full GC (Allocation Failure) 2020-10-22T14:42:16.411-0800: 3.994: [Tenured: 349397K->349155K(349568K), 0.0737681 secs] 506601K->388450K(506816K), [Metaspace: 3224K->3224K(1056768K)], 0.0739121 secs] [Times: user=0.07 sys=0.00, real=0.07 secs] 
2020-10-22T14:42:16.507-0800: 4.090: [Full GC (Allocation Failure) 2020-10-22T14:42:16.507-0800: 4.090: [Tenured: 349500K->349254K(349568K), 0.0824202 secs] 506571K->377748K(506816K), [Metaspace: 3224K->3224K(1056768K)], 0.0826784 secs] [Times: user=0.08 sys=0.00, real=0.09 secs] 
2020-10-22T14:42:16.616-0800: 4.199: [Full GC (Allocation Failure) 2020-10-22T14:42:16.616-0800: 4.199: [Tenured: 349531K->349457K(349568K), 0.0588957 secs] 506745K->396949K(506816K), [Metaspace: 3224K->3224K(1056768K)], 0.0590017 secs] [Times: user=0.05 sys=0.00, real=0.06 secs] 
2020-10-22T14:42:16.694-0800: 4.277: [Full GC (Allocation Failure) 2020-10-22T14:42:16.694-0800: 4.277: [Tenured: 349457K->349510K(349568K), 0.0633149 secs] 506583K->395620K(506816K), [Metaspace: 3224K->3224K(1056768K)], 0.0634220 secs] [Times: user=0.06 sys=0.01, real=0.06 secs] 
2020-10-22T14:42:16.777-0800: 4.360: [Full GC (Allocation Failure) 2020-10-22T14:42:16.777-0800: 4.360: [Tenured: 349510K->349300K(349568K), 0.0840169 secs] 506305K->390979K(506816K), [Metaspace: 3224K->3224K(1056768K)], 0.0841100 secs] [Times: user=0.08 sys=0.00, real=0.09 secs] 
2020-10-22T14:42:16.881-0800: 4.464: [Full GC (Allocation Failure) 2020-10-22T14:42:16.881-0800: 4.464: [Tenured: 349300K->349328K(349568K), 0.0764425 secs] 506235K->373942K(506816K), [Metaspace: 3224K->3224K(1056768K)], 0.0765389 secs] [Times: user=0.07 sys=0.00, real=0.07 secs] 
2020-10-22T14:42:16.981-0800: 4.564: [Full GC (Allocation Failure) 2020-10-22T14:42:16.981-0800: 4.564: [Tenured: 349328K->349472K(349568K), 0.0489377 secs] 506256K->384247K(506816K), [Metaspace: 3224K->3224K(1056768K)], 0.0490640 secs] [Times: user=0.05 sys=0.00, real=0.05 secs] 
2020-10-22T14:42:17.054-0800: 4.637: [Full GC (Allocation Failure) 2020-10-22T14:42:17.054-0800: 4.637: [Tenured: 349472K->349334K(349568K), 0.0765657 secs] 506597K->382769K(506816K), [Metaspace: 3224K->3224K(1056768K)], 0.0766523 secs] [Times: user=0.07 sys=0.00, real=0.08 secs] 
2020-10-22T14:42:17.154-0800: 4.737: [Full GC (Allocation Failure) 2020-10-22T14:42:17.154-0800: 4.737: [Tenured: 349552K->349347K(349568K), 0.0562217 secs] 506753K->384992K(506816K), [Metaspace: 3224K->3224K(1056768K)], 0.0563492 secs] [Times: user=0.05 sys=0.00, real=0.06 secs] 
2020-10-22T14:42:17.234-0800: 4.817: [Full GC (Allocation Failure) 2020-10-22T14:42:17.234-0800: 4.817: [Tenured: 349491K->349485K(349568K), 0.0636867 secs] 506659K->370568K(506816K), [Metaspace: 3224K->3224K(1056768K)], 0.0637849 secs] [Times: user=0.07 sys=0.00, real=0.06 secs] 
2020-10-22T14:42:17.320-0800: 4.903: [Full GC (Allocation Failure) 2020-10-22T14:42:17.320-0800: 4.903: [Tenured: 349485K->349463K(349568K), 0.0411908 secs] 506367K->392418K(506816K), [Metaspace: 3224K->3224K(1056768K)], 0.0412919 secs] [Times: user=0.04 sys=0.00, real=0.04 secs] 
2020-10-22T14:42:17.384-0800: 4.967: [Full GC (Allocation Failure) 2020-10-22T14:42:17.384-0800: 4.967: [Tenured: 349463K->349440K(349568K), 0.0583337 secs] 506597K->396623K(506816K), [Metaspace: 3224K->3224K(1056768K)], 0.0584422 secs] [Times: user=0.06 sys=0.00, real=0.06 secs] 
2020-10-22T14:42:17.462-0800: 5.045: [Full GC (Allocation Failure) 2020-10-22T14:42:17.462-0800: 5.045: [Tenured: 349562K->349153K(349568K), 0.0572008 secs] 506810K->394693K(506816K), [Metaspace: 3224K->3224K(1056768K)], 0.0572944 secs] [Times: user=0.05 sys=0.00, real=0.05 secs] 
2020-10-22T14:42:17.536-0800: 5.119: [Full GC (Allocation Failure) 2020-10-22T14:42:17.536-0800: 5.119: [Tenured: 349550K->349480K(349568K), 0.0659014 secs] 506789K->382361K(506816K), [Metaspace: 3224K->3224K(1056768K)], 0.0660026 secs] [Times: user=0.06 sys=0.00, real=0.07 secs] 
2020-10-22T14:42:17.623-0800: 5.206: [Full GC (Allocation Failure) 2020-10-22T14:42:17.623-0800: 5.206: [Tenured: 349562K->349501K(349568K), 0.0398783 secs] 506804K->404267K(506816K), [Metaspace: 3224K->3224K(1056768K)], 0.0399727 secs] [Times: user=0.04 sys=0.00, real=0.04 secs] 
2020-10-22T14:42:17.680-0800: 5.263: [Full GC (Allocation Failure) 2020-10-22T14:42:17.680-0800: 5.264: [Tenured: 349555K->349440K(349568K), 0.0501002 secs] 506803K->404221K(506816K), [Metaspace: 3224K->3224K(1056768K)], 0.0502413 secs] [Times: user=0.05 sys=0.00, real=0.05 secs] 
2020-10-22T14:42:17.747-0800: 5.330: [Full GC (Allocation Failure) 2020-10-22T14:42:17.747-0800: 5.330: [Tenured: 349440K->349560K(349568K), 0.0544231 secs] 506616K->401203K(506816K), [Metaspace: 3224K->3224K(1056768K)], 0.0545391 secs] [Times: user=0.06 sys=0.00, real=0.06 secs] 
2020-10-22T14:42:17.821-0800: 5.404: [Full GC (Allocation Failure) 2020-10-22T14:42:17.821-0800: 5.404: [Tenured: 349560K->349285K(349568K), 0.0659332 secs] 506742K->380497K(506816K), [Metaspace: 3224K->3224K(1056768K)], 0.0660339 secs] [Times: user=0.06 sys=0.00, real=0.06 secs] 
2020-10-22T14:42:17.907-0800: 5.490: [Full GC (Allocation Failure) 2020-10-22T14:42:17.907-0800: 5.490: [Tenured: 349399K->349547K(349568K), 0.0467852 secs] 506642K->387957K(506816K), [Metaspace: 3224K->3224K(1056768K)], 0.0468903 secs] [Times: user=0.05 sys=0.00, real=0.05 secs] 
2020-10-22T14:42:17.974-0800: 5.557: [Full GC (Allocation Failure) 2020-10-22T14:42:17.974-0800: 5.557: [Tenured: 349547K->349494K(349568K), 0.0543298 secs] 506750K->391360K(506816K), [Metaspace: 3224K->3224K(1056768K)], 0.0544290 secs] [Times: user=0.05 sys=0.00, real=0.05 secs] 
2020-10-22T14:42:18.049-0800: 5.632: [Full GC (Allocation Failure) 2020-10-22T14:42:18.049-0800: 5.632: [Tenured: 349494K->349234K(349568K), 0.0565376 secs] 506284K->391539K(506816K), [Metaspace: 3224K->3224K(1056768K)], 0.0566456 secs] [Times: user=0.06 sys=0.00, real=0.06 secs] 
2020-10-22T14:42:18.125-0800: 5.708: [Full GC (Allocation Failure) 2020-10-22T14:42:18.125-0800: 5.709: [Tenured: 349378K->349320K(349568K), 0.0604647 secs] 506542K->370402K(506816K), [Metaspace: 3224K->3224K(1056768K)], 0.0605694 secs] [Times: user=0.06 sys=0.00, real=0.06 secs] 
2020-10-22T14:42:18.208-0800: 5.791: [Full GC (Allocation Failure) 2020-10-22T14:42:18.208-0800: 5.791: [Tenured: 349320K->349403K(349568K), 0.0445762 secs] 506072K->383522K(506816K), [Metaspace: 3224K->3224K(1056768K)], 0.0446914 secs] [Times: user=0.04 sys=0.00, real=0.05 secs] 
2020-10-22T14:42:18.272-0800: 5.855: [Full GC (Allocation Failure) 2020-10-22T14:42:18.272-0800: 5.855: [Tenured: 349403K->349516K(349568K), 0.0549453 secs] 506389K->377879K(506816K), [Metaspace: 3224K->3224K(1056768K)], 0.0550452 secs] [Times: user=0.05 sys=0.00, real=0.05 secs] 
2020-10-22T14:42:18.349-0800: 5.932: [Full GC (Allocation Failure) 2020-10-22T14:42:18.349-0800: 5.932: [Tenured: 349516K->349466K(349568K), 0.0580348 secs] 506748K->377963K(506816K), [Metaspace: 3224K->3224K(1056768K)], 0.0581284 secs] [Times: user=0.05 sys=0.00, real=0.06 secs] 
2020-10-22T14:42:18.429-0800: 6.012: [Full GC (Allocation Failure) 2020-10-22T14:42:18.429-0800: 6.012: [Tenured: 349466K->349528K(349568K), 0.0694453 secs] 506553K->364983K(506816K), [Metaspace: 3224K->3224K(1056768K)], 0.0695442 secs] [Times: user=0.07 sys=0.00, real=0.07 secs] 
2020-10-22T14:42:18.523-0800: 6.106: [Full GC (Allocation Failure) 2020-10-22T14:42:18.523-0800: 6.106: [Tenured: 349528K->349558K(349568K), 0.0437485 secs] 506692K->384056K(506816K), [Metaspace: 3224K->3224K(1056768K)], 0.0438508 secs] [Times: user=0.04 sys=0.00, real=0.04 secs] 
2020-10-22T14:42:18.588-0800: 6.171: [Full GC (Allocation Failure) 2020-10-22T14:42:18.588-0800: 6.171: [Tenured: 349558K->349524K(349568K), 0.0548279 secs] 506804K->387242K(506816K), [Metaspace: 3224K->3224K(1056768K)], 0.0549264 secs] [Times: user=0.05 sys=0.00, real=0.06 secs] 
2020-10-22T14:42:18.664-0800: 6.247: [Full GC (Allocation Failure) 2020-10-22T14:42:18.664-0800: 6.247: [Tenured: 349524K->349562K(349568K), 0.0557906 secs] 506561K->387299K(506816K), [Metaspace: 3224K->3224K(1056768K)], 0.0559031 secs] [Times: user=0.06 sys=0.00, real=0.06 secs] 
2020-10-22T14:42:18.743-0800: 6.326: [Full GC (Allocation Failure) 2020-10-22T14:42:18.743-0800: 6.326: [Tenured: 349562K->349448K(349568K), 0.0616778 secs] 506569K->366060K(506816K), [Metaspace: 3224K->3224K(1056768K)], 0.0617761 secs] [Times: user=0.06 sys=0.00, real=0.06 secs] 
2020-10-22T14:42:18.828-0800: 6.411: [Full GC (Allocation Failure) 2020-10-22T14:42:18.828-0800: 6.412: [Tenured: 349448K->349258K(349568K), 0.0426286 secs] 505973K->383700K(506816K), [Metaspace: 3224K->3224K(1056768K)], 0.0427280 secs] [Times: user=0.05 sys=0.00, real=0.05 secs] 
2020-10-22T14:42:18.891-0800: 6.474: [Full GC (Allocation Failure) 2020-10-22T14:42:18.891-0800: 6.474: [Tenured: 349553K->349446K(349568K), 0.0581605 secs] 506797K->386290K(506816K), [Metaspace: 3224K->3224K(1056768K)], 0.0582734 secs] [Times: user=0.06 sys=0.00, real=0.05 secs] 
2020-10-22T14:42:18.970-0800: 6.553: [Full GC (Allocation Failure) 2020-10-22T14:42:18.970-0800: 6.553: [Tenured: 349446K->349137K(349568K), 0.0575016 secs] 506562K->387508K(506816K), [Metaspace: 3224K->3224K(1056768K)], 0.0575916 secs] [Times: user=0.06 sys=0.00, real=0.05 secs] 
2020-10-22T14:42:19.050-0800: 6.633: [Full GC (Allocation Failure) 2020-10-22T14:42:19.050-0800: 6.633: [Tenured: 349557K->349241K(349568K), 0.0646852 secs] 506758K->367594K(506816K), [Metaspace: 3224K->3224K(1056768K)], 0.0648103 secs] [Times: user=0.06 sys=0.00, real=0.06 secs] 
2020-10-22T14:42:19.136-0800: 6.719: [Full GC (Allocation Failure) 2020-10-22T14:42:19.136-0800: 6.719: [Tenured: 349241K->349492K(349568K), 0.0421107 secs] 505838K->383434K(506816K), [Metaspace: 3224K->3224K(1056768K)], 0.0422130 secs] [Times: user=0.04 sys=0.00, real=0.04 secs] 
2020-10-22T14:42:19.200-0800: 6.783: [Full GC (Allocation Failure) 2020-10-22T14:42:19.200-0800: 6.783: [Tenured: 349492K->349545K(349568K), 0.0530337 secs] 506734K->385484K(506816K), [Metaspace: 3224K->3224K(1056768K)], 0.0531303 secs] [Times: user=0.05 sys=0.00, real=0.05 secs] 
2020-10-22T14:42:19.272-0800: 6.855: [Full GC (Allocation Failure) 2020-10-22T14:42:19.272-0800: 6.855: [Tenured: 349545K->349215K(349568K), 0.0541979 secs] 506547K->385676K(506816K), [Metaspace: 3224K->3224K(1056768K)], 0.0542928 secs] [Times: user=0.05 sys=0.00, real=0.05 secs] 
2020-10-22T14:42:19.347-0800: 6.930: [Full GC (Allocation Failure) 2020-10-22T14:42:19.347-0800: 6.930: [Tenured: 349540K->349444K(349568K), 0.0615853 secs] 506780K->373845K(506816K), [Metaspace: 3224K->3224K(1056768K)], 0.0616864 secs] [Times: user=0.06 sys=0.00, real=0.06 secs] 
2020-10-22T14:42:19.433-0800: 7.016: [Full GC (Allocation Failure) 2020-10-22T14:42:19.433-0800: 7.016: [Tenured: 349515K->349280K(349568K), 0.0386797 secs] 506707K->399606K(506816K), [Metaspace: 3224K->3224K(1056768K)], 0.0388165 secs] [Times: user=0.04 sys=0.00, real=0.04 secs] 
2020-10-22T14:42:19.490-0800: 7.073: [Full GC (Allocation Failure) 2020-10-22T14:42:19.490-0800: 7.073: [Tenured: 349313K->349408K(349568K), 0.0525639 secs] 506550K->396139K(506816K), [Metaspace: 3224K->3224K(1056768K)], 0.0526673 secs] [Times: user=0.05 sys=0.00, real=0.05 secs] 
2020-10-22T14:42:19.562-0800: 7.145: [Full GC (Allocation Failure) 2020-10-22T14:42:19.562-0800: 7.145: [Tenured: 349516K->349494K(349568K), 0.0534674 secs] 506763K->394542K(506816K), [Metaspace: 3224K->3224K(1056768K)], 0.0535793 secs] [Times: user=0.05 sys=0.00, real=0.05 secs] 
2020-10-22T14:42:19.636-0800: 7.219: [Full GC (Allocation Failure) 2020-10-22T14:42:19.636-0800: 7.219: [Tenured: 349494K->349433K(349568K), 0.0627264 secs] 506546K->377875K(506816K), [Metaspace: 3224K->3224K(1056768K)], 0.0628416 secs] [Times: user=0.06 sys=0.01, real=0.06 secs] 
2020-10-22T14:42:19.722-0800: 7.305: [Full GC (Allocation Failure) 2020-10-22T14:42:19.722-0800: 7.305: [Tenured: 349433K->349476K(349568K), 0.0431167 secs] 506086K->395046K(506816K), [Metaspace: 3224K->3224K(1056768K)], 0.0432185 secs] [Times: user=0.04 sys=0.00, real=0.04 secs] 
2020-10-22T14:42:19.785-0800: 7.368: [Full GC (Allocation Failure) 2020-10-22T14:42:19.785-0800: 7.368: [Tenured: 349548K->349556K(349568K), 0.0512537 secs] 506781K->392733K(506816K), [Metaspace: 3224K->3224K(1056768K)], 0.0513554 secs] [Times: user=0.05 sys=0.00, real=0.05 secs] 
2020-10-22T14:42:19.857-0800: 7.440: [Full GC (Allocation Failure) 2020-10-22T14:42:19.857-0800: 7.440: [Tenured: 349556K->349539K(349568K), 0.0597062 secs] 506792K->391132K(506816K), [Metaspace: 3224K->3224K(1056768K)], 0.0598154 secs] [Times: user=0.06 sys=0.00, real=0.06 secs] 
2020-10-22T14:42:19.941-0800: 7.524: [Full GC (Allocation Failure) 2020-10-22T14:42:19.941-0800: 7.524: [Tenured: 349539K->349545K(349568K), 0.0693699 secs] 506372K->376900K(506816K), [Metaspace: 3224K->3224K(1056768K)], 0.0694785 secs] [Times: user=0.07 sys=0.00, real=0.07 secs] 
2020-10-22T14:42:20.039-0800: 7.622: [Full GC (Allocation Failure) 2020-10-22T14:42:20.039-0800: 7.622: [Tenured: 349545K->349553K(349568K), 0.0476865 secs] 506342K->391927K(506816K), [Metaspace: 3224K->3224K(1056768K)], 0.0477937 secs] [Times: user=0.04 sys=0.00, real=0.05 secs] 
2020-10-22T14:42:20.106-0800: 7.689: [Full GC (Allocation Failure) 2020-10-22T14:42:20.106-0800: 7.689: [Tenured: 349553K->349300K(349568K), 0.0610776 secs] 506756K->390988K(506816K), [Metaspace: 3224K->3224K(1056768K)], 0.0611832 secs] [Times: user=0.06 sys=0.00, real=0.06 secs] 
2020-10-22T14:42:20.188-0800: 7.771: [Full GC (Allocation Failure) 2020-10-22T14:42:20.188-0800: 7.771: [Tenured: 349548K->349287K(349568K), 0.0578378 secs] 506795K->387440K(506816K), [Metaspace: 3224K->3224K(1056768K)], 0.0579615 secs] [Times: user=0.06 sys=0.00, real=0.06 secs] 
2020-10-22T14:42:20.268-0800: 7.851: [Full GC (Allocation Failure) 2020-10-22T14:42:20.268-0800: 7.851: [Tenured: 349287K->349564K(349568K), 0.0691009 secs] 506094K->365262K(506816K), [Metaspace: 3224K->3224K(1056768K)], 0.0692104 secs] [Times: user=0.06 sys=0.00, real=0.07 secs] 
2020-10-22T14:42:20.364-0800: 7.947: [Full GC (Allocation Failure) 2020-10-22T14:42:20.364-0800: 7.947: [Tenured: 349564K->349448K(349568K), 0.0441789 secs] 506704K->383924K(506816K), [Metaspace: 3224K->3224K(1056768K)], 0.0442699 secs] [Times: user=0.04 sys=0.00, real=0.04 secs] 
2020-10-22T14:42:20.430-0800: 8.013: [Full GC (Allocation Failure) 2020-10-22T14:42:20.430-0800: 8.013: [Tenured: 349448K->349177K(349568K), 0.0624745 secs] 506343K->386684K(506816K), [Metaspace: 3224K->3224K(1056768K)], 0.0626556 secs] [Times: user=0.06 sys=0.00, real=0.06 secs] 
2020-10-22T14:42:20.513-0800: 8.096: [Full GC (Allocation Failure) 2020-10-22T14:42:20.513-0800: 8.096: [Tenured: 349177K->349498K(349568K), 0.0622426 secs] 505688K->387847K(506816K), [Metaspace: 3224K->3224K(1056768K)], 0.0623871 secs] [Times: user=0.06 sys=0.00, real=0.06 secs] 
2020-10-22T14:42:20.599-0800: 8.182: [Full GC (Allocation Failure) 2020-10-22T14:42:20.599-0800: 8.182: [Tenured: 349498K->349335K(349568K), 0.0771504 secs] 506699K->368940K(506816K), [Metaspace: 3224K->3224K(1056768K)], 0.0772636 secs] [Times: user=0.07 sys=0.01, real=0.08 secs] 
2020-10-22T14:42:20.701-0800: 8.284: [Full GC (Allocation Failure) 2020-10-22T14:42:20.701-0800: 8.284: [Tenured: 349479K->349122K(349568K), 0.0479729 secs] 506649K->381543K(506816K), [Metaspace: 3224K->3224K(1056768K)], 0.0480744 secs] [Times: user=0.05 sys=0.00, real=0.04 secs] 
2020-10-22T14:42:20.768-0800: 8.351: [Full GC (Allocation Failure) 2020-10-22T14:42:20.768-0800: 8.351: [Tenured: 349122K->349232K(349568K), 0.0545610 secs] 505855K->385176K(506816K), [Metaspace: 3224K->3224K(1056768K)], 0.0548517 secs] [Times: user=0.05 sys=0.00, real=0.06 secs] 
2020-10-22T14:42:20.844-0800: 8.427: [Full GC (Allocation Failure) 2020-10-22T14:42:20.845-0800: 8.428: [Tenured: 349232K->349544K(349568K), 0.0567147 secs] 506029K->389200K(506816K), [Metaspace: 3224K->3224K(1056768K)], 0.0568161 secs] [Times: user=0.06 sys=0.00, real=0.06 secs] 
2020-10-22T14:42:20.921-0800: 8.504: [Full GC (Allocation Failure) 2020-10-22T14:42:20.921-0800: 8.504: [Tenured: 349544K->349485K(349568K), 0.0704622 secs] 506644K->375745K(506816K), [Metaspace: 3224K->3224K(1056768K)], 0.0705653 secs] [Times: user=0.07 sys=0.00, real=0.07 secs] 
2020-10-22T14:42:21.014-0800: 8.597: [Full GC (Allocation Failure) 2020-10-22T14:42:21.014-0800: 8.597: [Tenured: 349485K->349470K(349568K), 0.0421719 secs] 506638K->399684K(506816K), [Metaspace: 3224K->3224K(1056768K)], 0.0423201 secs] [Times: user=0.04 sys=0.00, real=0.04 secs] 
2020-10-22T14:42:21.075-0800: 8.658: [Full GC (Allocation Failure) 2020-10-22T14:42:21.075-0800: 8.658: [Tenured: 349470K->349330K(349568K), 0.0507955 secs] 506619K->400115K(506816K), [Metaspace: 3224K->3224K(1056768K)], 0.0509017 secs] [Times: user=0.05 sys=0.00, real=0.05 secs] 
2020-10-22T14:42:21.144-0800: 8.727: [Full GC (Allocation Failure) 2020-10-22T14:42:21.144-0800: 8.727: [Tenured: 349330K->349516K(349568K), 0.0535300 secs] 506332K->400384K(506816K), [Metaspace: 3224K->3224K(1056768K)], 0.0536306 secs] [Times: user=0.05 sys=0.00, real=0.05 secs] 
2020-10-22T14:42:21.215-0800: 8.797: [Full GC (Allocation Failure) 2020-10-22T14:42:21.215-0800: 8.798: [Tenured: 349516K->349311K(349568K), 0.0702982 secs] 506602K->384359K(506816K), [Metaspace: 3224K->3224K(1056768K)], 0.0703959 secs] [Times: user=0.07 sys=0.00, real=0.07 secs] 
2020-10-22T14:42:21.306-0800: 8.889: [Full GC (Allocation Failure) 2020-10-22T14:42:21.306-0800: 8.889: [Tenured: 349557K->349218K(349568K), 0.0444723 secs] 506679K->397659K(506816K), [Metaspace: 3224K->3224K(1056768K)], 0.0445724 secs] [Times: user=0.05 sys=0.00, real=0.05 secs] 
2020-10-22T14:42:21.369-0800: 8.952: [Full GC (Allocation Failure) 2020-10-22T14:42:21.369-0800: 8.952: [Tenured: 349562K->349235K(349568K), 0.0545640 secs] 506789K->402083K(506816K), [Metaspace: 3224K->3224K(1056768K)], 0.0546677 secs] [Times: user=0.05 sys=0.00, real=0.06 secs] 
2020-10-22T14:42:21.443-0800: 9.026: [Full GC (Allocation Failure) 2020-10-22T14:42:21.444-0800: 9.026: [Tenured: 349379K->349504K(349568K), 0.0618075 secs] 506503K->398888K(506816K), [Metaspace: 3224K->3224K(1056768K)], 0.0619158 secs] [Times: user=0.06 sys=0.00, real=0.06 secs] 
2020-10-22T14:42:21.524-0800: 9.107: [Full GC (Allocation Failure) 2020-10-22T14:42:21.524-0800: 9.107: [Tenured: 349540K->349473K(349568K), 0.0685070 secs] 506784K->384714K(506816K), [Metaspace: 3224K->3224K(1056768K)], 0.0686217 secs] [Times: user=0.06 sys=0.00, real=0.07 secs] 
2020-10-22T14:42:21.614-0800: 9.197: [Full GC (Allocation Failure) 2020-10-22T14:42:21.614-0800: 9.197: [Tenured: 349473K->349427K(349568K), 0.0378506 secs] 506575K->399828K(506816K), [Metaspace: 3224K->3224K(1056768K)], 0.0379485 secs] [Times: user=0.04 sys=0.00, real=0.04 secs] 
2020-10-22T14:42:21.671-0800: 9.254: [Full GC (Allocation Failure) 2020-10-22T14:42:21.671-0800: 9.254: [Tenured: 349427K->349478K(349568K), 0.0524131 secs] 506625K->398352K(506816K), [Metaspace: 3224K->3224K(1056768K)], 0.0525147 secs] [Times: user=0.05 sys=0.00, real=0.05 secs] 
2020-10-22T14:42:21.741-0800: 9.324: [Full GC (Allocation Failure) 2020-10-22T14:42:21.741-0800: 9.324: [Tenured: 349478K->349541K(349568K), 0.0583188 secs] 506540K->398689K(506816K), [Metaspace: 3224K->3224K(1056768K)], 0.0584191 secs] [Times: user=0.05 sys=0.01, real=0.06 secs] 
2020-10-22T14:42:21.818-0800: 9.401: [Full GC (Allocation Failure) 2020-10-22T14:42:21.818-0800: 9.401: [Tenured: 349541K->349506K(349568K), 0.0648974 secs] 506278K->385163K(506816K), [Metaspace: 3224K->3224K(1056768K)], 0.0650264 secs] [Times: user=0.07 sys=0.00, real=0.07 secs] 
2020-10-22T14:42:21.904-0800: 9.487: [Full GC (Allocation Failure) 2020-10-22T14:42:21.905-0800: 9.488: [Tenured: 349506K->349467K(349568K), 0.0420992 secs] 506746K->405713K(506816K), [Metaspace: 3224K->3224K(1056768K)], 0.0421999 secs] [Times: user=0.04 sys=0.00, real=0.04 secs] 
2020-10-22T14:42:21.965-0800: 9.548: [Full GC (Allocation Failure) 2020-10-22T14:42:21.965-0800: 9.548: [Tenured: 349467K->349304K(349568K), 0.0544401 secs] 506114K->396904K(506816K), [Metaspace: 3224K->3224K(1056768K)], 0.0545381 secs] [Times: user=0.05 sys=0.00, real=0.06 secs] 
2020-10-22T14:42:22.039-0800: 9.622: [Full GC (Allocation Failure) 2020-10-22T14:42:22.039-0800: 9.622: [Tenured: 349304K->349228K(349568K), 0.0646452 secs] 506211K->396686K(506816K), [Metaspace: 3224K->3224K(1056768K)], 0.0647537 secs] [Times: user=0.06 sys=0.00, real=0.07 secs] 
2020-10-22T14:42:22.125-0800: 9.707: [Full GC (Allocation Failure) 2020-10-22T14:42:22.125-0800: 9.708: [Tenured: 349372K->349497K(349568K), 0.0629326 secs] 506553K->370247K(506816K), [Metaspace: 3224K->3224K(1056768K)], 0.0630335 secs] [Times: user=0.07 sys=0.00, real=0.06 secs] 
2020-10-22T14:42:22.212-0800: 9.795: [Full GC (Allocation Failure) 2020-10-22T14:42:22.212-0800: 9.795: [Tenured: 349497K->349436K(349568K), 0.0447595 secs] 506542K->388448K(506816K), [Metaspace: 3224K->3224K(1056768K)], 0.0448602 secs] [Times: user=0.04 sys=0.00, real=0.04 secs] 
2020-10-22T14:42:22.276-0800: 9.859: [Full GC (Allocation Failure) 2020-10-22T14:42:22.276-0800: 9.859: [Tenured: 349436K->349371K(349568K), 0.0514110 secs] 506677K->396132K(506816K), [Metaspace: 3224K->3224K(1056768K)], 0.0515056 secs] [Times: user=0.05 sys=0.00, real=0.05 secs] 
2020-10-22T14:42:22.345-0800: 9.928: [Full GC (Allocation Failure) 2020-10-22T14:42:22.345-0800: 9.928: [Tenured: 349555K->349126K(349568K), 0.0579421 secs] 506802K->393029K(506816K), [Metaspace: 3224K->3224K(1056768K)], 0.0580435 secs] [Times: user=0.06 sys=0.00, real=0.06 secs] 
2020-10-22T14:42:22.421-0800: 10.004: [Full GC (Allocation Failure) 2020-10-22T14:42:22.421-0800: 10.004: [Tenured: 349376K->349412K(349568K), 0.0680779 secs] 506552K->369178K(506816K), [Metaspace: 3224K->3224K(1056768K)], 0.0681739 secs] [Times: user=0.06 sys=0.00, real=0.07 secs] 
2020-10-22T14:42:22.513-0800: 10.096: [Full GC (Allocation Failure) 2020-10-22T14:42:22.513-0800: 10.096: [Tenured: 349412K->349063K(349568K), 0.0406705 secs] 506384K->386252K(506816K), [Metaspace: 3224K->3224K(1056768K)], 0.0407756 secs] [Times: user=0.04 sys=0.00, real=0.04 secs] 
2020-10-22T14:42:22.577-0800: 10.160: [Full GC (Allocation Failure) 2020-10-22T14:42:22.577-0800: 10.160: [Tenured: 349515K->349474K(349568K), 0.0515532 secs] 506755K->376970K(506816K), [Metaspace: 3224K->3224K(1056768K)], 0.0516582 secs] [Times: user=0.05 sys=0.00, real=0.05 secs] 
Heap
 def new generation   total 157248K, used 33056K [0x00000007a0000000, 0x00000007aaaa0000, 0x00000007aaaa0000)
  eden space 139776K,  23% used [0x00000007a0000000, 0x00000007a2048010, 0x00000007a8880000)
  from space 17472K,   0% used [0x00000007a9990000, 0x00000007a9990000, 0x00000007aaaa0000)
  to   space 17472K,   0% used [0x00000007a8880000, 0x00000007a8880000, 0x00000007a9990000)
 tenured generation   total 349568K, used 349474K [0x00000007aaaa0000, 0x00000007c0000000, 0x00000007c0000000)
   the space 349568K,  99% used [0x00000007aaaa0000, 0x00000007bffe88e0, 0x00000007bffe8a00, 0x00000007c0000000)
 Metaspace       used 3230K, capacity 4486K, committed 4864K, reserved 1056768K
  class space    used 357K, capacity 386K, committed 512K, reserved 1048576K
