Java HotSpot(TM) 64-Bit Server VM (25.151-b12) for bsd-amd64 JRE (1.8.0_151-b12), built on Sep  5 2017 19:37:08 by "java_re" with gcc 4.2.1 (Based on Apple Inc. build 5658) (LLVM build 2336.11.00)
Memory: 4k page, physical 8388608k(945916k free)

/proc/meminfo:

CommandLine flags: -XX:InitialHeapSize=134217728 -XX:MaxHeapSize=2147483648 -XX:+PrintGC -XX:+PrintGCDateStamps -XX:+PrintGCDetails -XX:+PrintGCTimeStamps -XX:+UseCompressedClassPointers -XX:+UseCompressedOops -XX:+UseParallelGC 
2020-10-22T14:03:28.831-0800: 0.474: [GC (Allocation Failure) [PSYoungGen: 33245K->5112K(38400K)] 33245K->10710K(125952K), 0.0056773 secs] [Times: user=0.01 sys=0.01, real=0.00 secs] 
2020-10-22T14:03:28.853-0800: 0.496: [GC (Allocation Failure) [PSYoungGen: 38392K->5118K(71680K)] 43990K->20911K(159232K), 0.0072228 secs] [Times: user=0.01 sys=0.01, real=0.01 secs] 
2020-10-22T14:03:28.907-0800: 0.550: [GC (Allocation Failure) [PSYoungGen: 71678K->5100K(71680K)] 87471K->42766K(159232K), 0.0266711 secs] [Times: user=0.01 sys=0.02, real=0.03 secs] 
2020-10-22T14:03:28.951-0800: 0.594: [GC (Allocation Failure) [PSYoungGen: 71660K->5116K(138240K)] 109326K->67130K(225792K), 0.0157543 secs] [Times: user=0.01 sys=0.03, real=0.01 secs] 
2020-10-22T14:03:28.967-0800: 0.610: [Full GC (Ergonomics) [PSYoungGen: 5116K->0K(138240K)] [ParOldGen: 62013K->65033K(132096K)] 67130K->65033K(270336K), [Metaspace: 2713K->2713K(1056768K)], 0.0127718 secs] [Times: user=0.03 sys=0.00, real=0.02 secs] 
2020-10-22T14:03:29.040-0800: 0.683: [GC (Allocation Failure) [PSYoungGen: 133120K->5102K(138240K)] 198153K->104596K(270336K), 0.0225517 secs] [Times: user=0.02 sys=0.02, real=0.02 secs] 
2020-10-22T14:03:29.063-0800: 0.706: [Full GC (Ergonomics) [PSYoungGen: 5102K->0K(138240K)] [ParOldGen: 99493K->98324K(185856K)] 104596K->98324K(324096K), [Metaspace: 2713K->2713K(1056768K)], 0.0210551 secs] [Times: user=0.02 sys=0.01, real=0.02 secs] 
2020-10-22T14:03:29.117-0800: 0.760: [GC (Allocation Failure) [PSYoungGen: 132915K->45226K(274944K)] 231239K->143550K(460800K), 0.0261581 secs] [Times: user=0.02 sys=0.03, real=0.03 secs] 
2020-10-22T14:03:29.300-0800: 0.943: [GC (Allocation Failure) [PSYoungGen: 274602K->57847K(293888K)] 372926K->218436K(479744K), 0.0784225 secs] [Times: user=0.06 sys=0.09, real=0.07 secs] 
2020-10-22T14:03:29.379-0800: 1.022: [Full GC (Ergonomics) [PSYoungGen: 57847K->2964K(293888K)] [ParOldGen: 160588K->185797K(300032K)] 218436K->188762K(593920K), [Metaspace: 2713K->2713K(1056768K)], 0.0835766 secs] [Times: user=0.09 sys=0.03, real=0.09 secs] 
2020-10-22T14:03:29.556-0800: 1.199: [GC (Allocation Failure) [PSYoungGen: 238996K->71603K(489984K)] 424794K->257409K(790016K), 0.0514754 secs] [Times: user=0.04 sys=0.07, real=0.05 secs] 
Heap
 PSYoungGen      total 489984K, used 461235K [0x0000000795580000, 0x00000007ba500000, 0x00000007c0000000)
  eden space 389632K, 100% used [0x0000000795580000,0x00000007ad200000,0x00000007ad200000)
  from space 100352K, 71% used [0x00000007b3b00000,0x00000007b80ece58,0x00000007b9d00000)
  to   space 107520K, 0% used [0x00000007ad200000,0x00000007ad200000,0x00000007b3b00000)
 ParOldGen       total 300032K, used 185805K [0x0000000740000000, 0x0000000752500000, 0x0000000795580000)
  object space 300032K, 61% used [0x0000000740000000,0x000000074b5737c0,0x0000000752500000)
 Metaspace       used 3230K, capacity 4486K, committed 4864K, reserved 1056768K
  class space    used 357K, capacity 386K, committed 512K, reserved 1048576K
